// Jest Snapshot v1, https://jestjs.io/docs/snapshot-testing

exports[`DiaryProgress does not render on mobile 1`] = `<div />`;

exports[`DiaryProgress renders desktop progress 1`] = `
<div>
  <div
    class="bg-muted/30 border-b"
  >
    <div
      class="mx-auto max-w-4xl px-4 py-3 sm:px-6"
    >
      <div
        class="mb-2 flex items-center justify-between"
      >
        <span
          class="text-foreground text-sm font-semibold"
        >
          Step 4 of 9
        </span>
        <span
          class="text-muted-foreground text-sm"
        >
          44% Complete
        </span>
      </div>
      <div
        class="bg-muted h-2 w-full rounded-full"
      >
        <div
          class="bg-primary h-2 rounded-full transition-all duration-500 ease-out"
          style="width: 44%;"
        />
      </div>
      <div
        class="text-muted-foreground mt-1 flex justify-between text-sm"
      >
        <span>
          Situation
        </span>
        <span>
          Emotions
        </span>
        <span>
          Thoughts
        </span>
        <span>
          Core Belief
        </span>
        <span>
          Challenge
        </span>
        <span>
          Rational
        </span>
        <span>
          Schema
        </span>
        <span>
          Actions
        </span>
        <span>
          Final Emotions
        </span>
      </div>
    </div>
  </div>
</div>
`;
