// Jest Snapshot v1, https://jestjs.io/docs/snapshot-testing

exports[`DraftPanel renders with draft found 1`] = `
<div>
  <div
    class="space-y-4"
  >
    <div
      class="rounded-lg border border-blue-200 bg-blue-50 p-4 text-blue-700 dark:border-blue-800 dark:bg-blue-950/30 dark:text-blue-300"
    >
      <div
        class="mb-2 flex items-center justify-between"
      >
        <div
          class="flex items-center gap-2"
        >
          <h3
            class="font-semibold"
          >
            📝 Previous Session Found
          </h3>
          <span
            class="rounded-full bg-green-100 px-2 py-1 text-sm text-green-700 dark:bg-green-900/30 dark:text-green-400"
          >
            Saved
          </span>
        </div>
        <button
          aria-label="Delete draft"
          class="inline-flex items-center justify-center gap-2 whitespace-nowrap rounded-md text-base font-semibold duration-fast focus-visible:outline-none focus-visible:ring-2 focus-visible:ring-ring disabled:pointer-events-none disabled:opacity-50 [&_svg]:pointer-events-none [&_svg]:size-4 [&_svg]:shrink-0 active:scale-[0.96] shadow-apple-xs hover:shadow-apple-sm hover:bg-muted hover:text-foreground transition-all duration-fast h-12 w-12"
          title="Delete draft"
        >
          <div
            class="h-4 w-4"
            data-testid="trash-icon"
          />
        </button>
      </div>
      <p
        class="text-sm opacity-90"
      >
        We found an in-progress CBT session.
      </p>
      <p
        class="mt-1 text-sm opacity-75"
      >
        Choose to continue where you left off or start fresh.
      </p>
    </div>
    <div
      class="flex flex-col justify-center gap-3 sm:flex-row"
    >
      <button
        class="inline-flex items-center whitespace-nowrap text-base font-semibold duration-fast focus-visible:outline-none focus-visible:ring-2 focus-visible:ring-ring disabled:pointer-events-none disabled:opacity-50 [&_svg]:pointer-events-none [&_svg]:size-4 [&_svg]:shrink-0 active:scale-[0.96] bg-gradient-to-r from-primary to-accent text-primary-foreground shadow-apple-primary hover:shadow-apple-accent hover:from-primary/90 hover:to-accent/90 duration-fast ease-out-smooth py-2 group h-12 justify-center gap-3 rounded-xl px-6 shadow-lg transition-all duration-200 hover:shadow-xl"
      >
        <div
          class="flex h-6 w-6 items-center justify-center rounded-full bg-white/20 transition-colors group-hover:bg-white/30"
        >
          <div
            class="h-4 w-4"
            data-testid="brain-icon"
          />
        </div>
        <span
          class="font-semibold"
        >
          Resume Previous Session
        </span>
        <div
          class="h-4 w-4 opacity-60 transition-opacity group-hover:opacity-100"
          data-testid="sparkles-icon"
        />
      </button>
      <button
        class="inline-flex items-center gap-2 whitespace-nowrap text-base duration-fast focus-visible:outline-none focus-visible:ring-2 focus-visible:ring-ring disabled:pointer-events-none disabled:opacity-50 [&_svg]:pointer-events-none [&_svg]:size-4 [&_svg]:shrink-0 active:scale-[0.96] border-input bg-background shadow-apple-xs hover:shadow-apple-sm transition-all duration-fast ease-out-smooth py-2 hover:bg-accent hover:text-accent-foreground h-12 justify-center rounded-xl border-2 px-6 font-semibold"
      >
        Start New Session
      </button>
    </div>
  </div>
</div>
`;

exports[`DraftPanel renders without draft (begin button) 1`] = `
<div>
  <div
    class="flex justify-center"
  >
    <button
      class="inline-flex items-center whitespace-nowrap text-base font-semibold duration-fast focus-visible:outline-none focus-visible:ring-2 focus-visible:ring-ring disabled:pointer-events-none disabled:opacity-50 [&_svg]:pointer-events-none [&_svg]:size-4 [&_svg]:shrink-0 active:scale-[0.96] bg-gradient-to-r from-primary to-accent text-primary-foreground shadow-apple-primary hover:shadow-apple-accent hover:from-primary/90 hover:to-accent/90 duration-fast ease-out-smooth py-2 group h-12 justify-center gap-3 rounded-xl px-8 shadow-lg transition-all duration-200 hover:shadow-xl"
    >
      <div
        class="flex h-6 w-6 items-center justify-center rounded-full bg-white/20 transition-colors group-hover:bg-white/30"
      >
        <div
          class="h-4 w-4"
          data-testid="brain-icon"
        />
      </div>
      <span
        class="font-semibold"
      >
        Begin CBT Session
      </span>
      <div
        class="h-4 w-4 opacity-60 transition-opacity group-hover:opacity-100"
        data-testid="sparkles-icon"
      />
    </button>
  </div>
</div>
`;
