
> therapist-ai-app@0.1.0 build
> next build

   ▲ Next.js 15.5.2
   - Environments: .env.local, .env

   Creating an optimized production build ...
 ✓ Compiled successfully in 4.2s
   Linting and checking validity of types ...

Failed to compile.

./src/app/api/auth/setup/route.ts
96:34  Error: Unexpected any. Specify a different type.  @typescript-eslint/no-explicit-any
126:24  Error: Unexpected any. Specify a different type.  @typescript-eslint/no-explicit-any
127:35  Error: Unexpected any. Specify a different type.  @typescript-eslint/no-explicit-any

./src/app/api/chat/route.ts
200:95  Error: Unexpected any. Specify a different type.  @typescript-eslint/no-explicit-any
211:41  Error: Unexpected any. Specify a different type.  @typescript-eslint/no-explicit-any
215:99  Error: Unexpected any. Specify a different type.  @typescript-eslint/no-explicit-any
233:36  Error: Unexpected any. Specify a different type.  @typescript-eslint/no-explicit-any

./src/app/api/reports/generate/route.ts
390:46  Error: Unexpected any. Specify a different type.  @typescript-eslint/no-explicit-any
392:46  Error: Unexpected any. Specify a different type.  @typescript-eslint/no-explicit-any
393:66  Error: Unexpected any. Specify a different type.  @typescript-eslint/no-explicit-any
394:64  Error: Unexpected any. Specify a different type.  @typescript-eslint/no-explicit-any
395:50  Error: Unexpected any. Specify a different type.  @typescript-eslint/no-explicit-any
398:48  Error: Unexpected any. Specify a different type.  @typescript-eslint/no-explicit-any
399:42  Error: Unexpected any. Specify a different type.  @typescript-eslint/no-explicit-any
400:49  Error: Unexpected any. Specify a different type.  @typescript-eslint/no-explicit-any
401:43  Error: Unexpected any. Specify a different type.  @typescript-eslint/no-explicit-any

./src/app/api/reports/memory/route.ts
133:63  Error: Unexpected any. Specify a different type.  @typescript-eslint/no-explicit-any
135:63  Error: Unexpected any. Specify a different type.  @typescript-eslint/no-explicit-any
189:87  Error: Unexpected any. Specify a different type.  @typescript-eslint/no-explicit-any
191:31  Error: Unexpected any. Specify a different type.  @typescript-eslint/no-explicit-any
192:38  Error: Unexpected any. Specify a different type.  @typescript-eslint/no-explicit-any
193:35  Error: Unexpected any. Specify a different type.  @typescript-eslint/no-explicit-any
194:53  Error: Unexpected any. Specify a different type.  @typescript-eslint/no-explicit-any
195:41  Error: Unexpected any. Specify a different type.  @typescript-eslint/no-explicit-any
274:65  Error: Unexpected any. Specify a different type.  @typescript-eslint/no-explicit-any
279:32  Error: Unexpected any. Specify a different type.  @typescript-eslint/no-explicit-any
280:30  Error: Unexpected any. Specify a different type.  @typescript-eslint/no-explicit-any
280:45  Error: Unexpected any. Specify a different type.  @typescript-eslint/no-explicit-any
288:38  Error: Unexpected any. Specify a different type.  @typescript-eslint/no-explicit-any
291:73  Error: Unexpected any. Specify a different type.  @typescript-eslint/no-explicit-any
295:22  Error: Unexpected any. Specify a different type.  @typescript-eslint/no-explicit-any
296:22  Error: Unexpected any. Specify a different type.  @typescript-eslint/no-explicit-any
297:22  Error: Unexpected any. Specify a different type.  @typescript-eslint/no-explicit-any
313:39  Error: Unexpected any. Specify a different type.  @typescript-eslint/no-explicit-any
316:44  Error: Unexpected any. Specify a different type.  @typescript-eslint/no-explicit-any
316:73  Error: Unexpected any. Specify a different type.  @typescript-eslint/no-explicit-any
316:112  Error: Unexpected any. Specify a different type.  @typescript-eslint/no-explicit-any
324:39  Error: Unexpected any. Specify a different type.  @typescript-eslint/no-explicit-any
348:40  Error: Unexpected any. Specify a different type.  @typescript-eslint/no-explicit-any
414:88  Error: Unexpected any. Specify a different type.  @typescript-eslint/no-explicit-any
415:23  Error: Unexpected any. Specify a different type.  @typescript-eslint/no-explicit-any
417:86  Error: Unexpected any. Specify a different type.  @typescript-eslint/no-explicit-any
418:30  Error: Unexpected any. Specify a different type.  @typescript-eslint/no-explicit-any
446:98  Error: Unexpected any. Specify a different type.  @typescript-eslint/no-explicit-any

./src/app/api/reports/route.ts
16:40  Error: Unexpected any. Specify a different type.  @typescript-eslint/no-explicit-any
16:95  Error: Unexpected any. Specify a different type.  @typescript-eslint/no-explicit-any
18:20  Error: Unexpected any. Specify a different type.  @typescript-eslint/no-explicit-any
20:86  Error: Unexpected any. Specify a different type.  @typescript-eslint/no-explicit-any
21:30  Error: Unexpected any. Specify a different type.  @typescript-eslint/no-explicit-any

./src/app/api/sessions/[sessionId]/messages/[messageId]/route.ts
27:94  Error: Unexpected any. Specify a different type.  @typescript-eslint/no-explicit-any
51:33  Error: Unexpected any. Specify a different type.  @typescript-eslint/no-explicit-any
52:35  Error: Unexpected any. Specify a different type.  @typescript-eslint/no-explicit-any
60:27  Error: Unexpected any. Specify a different type.  @typescript-eslint/no-explicit-any
61:30  Error: Unexpected any. Specify a different type.  @typescript-eslint/no-explicit-any
62:41  Error: Unexpected any. Specify a different type.  @typescript-eslint/no-explicit-any
66:25  Error: Unexpected any. Specify a different type.  @typescript-eslint/no-explicit-any
70:32  Error: Unexpected any. Specify a different type.  @typescript-eslint/no-explicit-any
73:41  Error: Unexpected any. Specify a different type.  @typescript-eslint/no-explicit-any

./src/app/api/sessions/[sessionId]/messages/route.ts
55:33  Error: Unexpected any. Specify a different type.  @typescript-eslint/no-explicit-any
63:115  Error: Unexpected any. Specify a different type.  @typescript-eslint/no-explicit-any
69:105  Error: Unexpected any. Specify a different type.  @typescript-eslint/no-explicit-any
70:79  Error: Unexpected any. Specify a different type.  @typescript-eslint/no-explicit-any
80:103  Error: Unexpected any. Specify a different type.  @typescript-eslint/no-explicit-any
81:45  Error: Unexpected any. Specify a different type.  @typescript-eslint/no-explicit-any
97:83  Error: Unexpected any. Specify a different type.  @typescript-eslint/no-explicit-any
116:25  Error: Unexpected any. Specify a different type.  @typescript-eslint/no-explicit-any
122:41  Error: Unexpected any. Specify a different type.  @typescript-eslint/no-explicit-any
123:41  Error: Unexpected any. Specify a different type.  @typescript-eslint/no-explicit-any
148:97  Error: Unexpected any. Specify a different type.  @typescript-eslint/no-explicit-any
164:35  Error: Unexpected any. Specify a different type.  @typescript-eslint/no-explicit-any

./src/app/api/sessions/[sessionId]/route.ts
39:33  Error: Unexpected any. Specify a different type.  @typescript-eslint/no-explicit-any
53:32  Error: Unexpected any. Specify a different type.  @typescript-eslint/no-explicit-any
55:28  Error: Unexpected any. Specify a different type.  @typescript-eslint/no-explicit-any
56:29  Error: Unexpected any. Specify a different type.  @typescript-eslint/no-explicit-any
57:41  Error: Unexpected any. Specify a different type.  @typescript-eslint/no-explicit-any
58:41  Error: Unexpected any. Specify a different type.  @typescript-eslint/no-explicit-any
59:30  Error: Unexpected any. Specify a different type.  @typescript-eslint/no-explicit-any
59:66  Error: Unexpected any. Specify a different type.  @typescript-eslint/no-explicit-any
60:41  Error: Unexpected any. Specify a different type.  @typescript-eslint/no-explicit-any
86:33  Error: Unexpected any. Specify a different type.  @typescript-eslint/no-explicit-any
90:26  Error: Unexpected any. Specify a different type.  @typescript-eslint/no-explicit-any
100:71  Error: Unexpected any. Specify a different type.  @typescript-eslint/no-explicit-any
109:68  Error: Unexpected any. Specify a different type.  @typescript-eslint/no-explicit-any
143:77  Error: Unexpected any. Specify a different type.  @typescript-eslint/no-explicit-any

./src/app/api/sessions/current/route.ts
20:22  Error: Unexpected any. Specify a different type.  @typescript-eslint/no-explicit-any
32:30  Error: Unexpected any. Specify a different type.  @typescript-eslint/no-explicit-any
42:37  Error: Unexpected any. Specify a different type.  @typescript-eslint/no-explicit-any
62:31  Error: Unexpected any. Specify a different type.  @typescript-eslint/no-explicit-any
68:30  Error: Unexpected any. Specify a different type.  @typescript-eslint/no-explicit-any

./src/app/api/sessions/route.ts
41:42  Error: Unexpected any. Specify a different type.  @typescript-eslint/no-explicit-any
42:24  Error: Unexpected any. Specify a different type.  @typescript-eslint/no-explicit-any
43:29  Error: Unexpected any. Specify a different type.  @typescript-eslint/no-explicit-any
47:32  Error: Unexpected any. Specify a different type.  @typescript-eslint/no-explicit-any
49:28  Error: Unexpected any. Specify a different type.  @typescript-eslint/no-explicit-any
50:29  Error: Unexpected any. Specify a different type.  @typescript-eslint/no-explicit-any
51:41  Error: Unexpected any. Specify a different type.  @typescript-eslint/no-explicit-any
52:41  Error: Unexpected any. Specify a different type.  @typescript-eslint/no-explicit-any
53:30  Error: Unexpected any. Specify a different type.  @typescript-eslint/no-explicit-any
53:66  Error: Unexpected any. Specify a different type.  @typescript-eslint/no-explicit-any
54:41  Error: Unexpected any. Specify a different type.  @typescript-eslint/no-explicit-any
79:82  Error: Unexpected any. Specify a different type.  @typescript-eslint/no-explicit-any

./src/lib/auth/device-fingerprint.ts
137:26  Error: Unexpected any. Specify a different type.  @typescript-eslint/no-explicit-any
138:29  Error: Unexpected any. Specify a different type.  @typescript-eslint/no-explicit-any
139:22  Error: Unexpected any. Specify a different type.  @typescript-eslint/no-explicit-any
140:27  Error: Unexpected any. Specify a different type.  @typescript-eslint/no-explicit-any
141:27  Error: Unexpected any. Specify a different type.  @typescript-eslint/no-explicit-any
157:26  Error: Unexpected any. Specify a different type.  @typescript-eslint/no-explicit-any
170:31  Error: Unexpected any. Specify a different type.  @typescript-eslint/no-explicit-any
175:85  Error: Unexpected any. Specify a different type.  @typescript-eslint/no-explicit-any
178:26  Error: Unexpected any. Specify a different type.  @typescript-eslint/no-explicit-any
179:29  Error: Unexpected any. Specify a different type.  @typescript-eslint/no-explicit-any
180:22  Error: Unexpected any. Specify a different type.  @typescript-eslint/no-explicit-any
181:27  Error: Unexpected any. Specify a different type.  @typescript-eslint/no-explicit-any
182:27  Error: Unexpected any. Specify a different type.  @typescript-eslint/no-explicit-any
213:15  Error: Unexpected any. Specify a different type.  @typescript-eslint/no-explicit-any
213:23  Error: Unexpected any. Specify a different type.  @typescript-eslint/no-explicit-any
214:19  Error: Unexpected any. Specify a different type.  @typescript-eslint/no-explicit-any
221:37  Error: Unexpected any. Specify a different type.  @typescript-eslint/no-explicit-any
232:84  Error: Unexpected any. Specify a different type.  @typescript-eslint/no-explicit-any
242:18  Error: Unexpected any. Specify a different type.  @typescript-eslint/no-explicit-any

./src/lib/auth/totp-service.ts
204:49  Error: Unexpected any. Specify a different type.  @typescript-eslint/no-explicit-any
214:24  Error: Unexpected any. Specify a different type.  @typescript-eslint/no-explicit-any
227:21  Error: Unexpected any. Specify a different type.  @typescript-eslint/no-explicit-any
242:49  Error: Unexpected any. Specify a different type.  @typescript-eslint/no-explicit-any
266:24  Error: Unexpected any. Specify a different type.  @typescript-eslint/no-explicit-any

./src/lib/chat/assistant-response-collector.ts
47:38  Error: Unexpected any. Specify a different type.  @typescript-eslint/no-explicit-any

./src/lib/chat/session-service.ts
14:92  Error: Unexpected any. Specify a different type.  @typescript-eslint/no-explicit-any
15:62  Error: Unexpected any. Specify a different type.  @typescript-eslint/no-explicit-any
15:70  Error: Unexpected any. Specify a different type.  @typescript-eslint/no-explicit-any
16:57  Error: Unexpected any. Specify a different type.  @typescript-eslint/no-explicit-any
17:26  Error: Unexpected any. Specify a different type.  @typescript-eslint/no-explicit-any
30:29  Error: Unexpected any. Specify a different type.  @typescript-eslint/no-explicit-any
42:84  Error: Unexpected any. Specify a different type.  @typescript-eslint/no-explicit-any
43:29  Error: Unexpected any. Specify a different type.  @typescript-eslint/no-explicit-any

info  - Need to disable some ESLint rules? Learn more here: https://nextjs.org/docs/app/api-reference/config/eslint#disabling-rules
make[1]: *** [next-build] Error 1
make: *** [build] Error 2
